#-----------------------------------------------------------
# xsim v2024.2 (64-bit)
# SW Build 5239630 on Fri Nov 08 22:35:27 MST 2024
# IP Build 5239520 on Sun Nov 10 16:12:51 MST 2024
# SharedData Build 5239561 on Fri Nov 08 14:39:27 MST 2024
# Start of session at: Sat Oct 10 10:00:38 2026
# Process ID         : 14828
# Current directory  : F:/advance_topic/UTE-PAPER/Experiment_G/payload_scaling/runs/RISSP
# Command line       : xsim.exe -log 16b_cbc_r2.log -mode tcl -source {xsim.dir/snap_scale_rissp_16b_cbc/xsim_script.tcl}
# Log file           : F:/advance_topic/UTE-PAPER/Experiment_G/payload_scaling/runs/RISSP/16b_cbc_r2.log
# Journal file       : F:/advance_topic/UTE-PAPER/Experiment_G/payload_scaling/runs/RISSP\xsim.jou
# Running On         : thanhtruong
# Platform           : Windows Server 2016 or Windows 10
# Operating System   : 26200
# Processor Detail   : AMD Ryzen 5 5600H with Radeon Graphics         
# CPU Frequency      : 3294 MHz
# CPU Physical cores : 6
# CPU Logical cores  : 12
# Host memory        : 16487 MB
# Swap memory        : 12348 MB
# Total Virtual      : 28835 MB
# Available Virtual  : 13765 MB
#-----------------------------------------------------------
source xsim.dir/snap_scale_rissp_16b_cbc/xsim_script.tcl
# xsim {snap_scale_rissp_16b_cbc} -testplusarg REPEAT=2 -autoloadwcfg -runall
Time resolution is 1 ps
run -all
============================================================
[SOFTWARE_AES_SUMMARY] CORE=RISSP MODE=CBC PAYLOAD_BYTES=16 BLOCKS=1
[SOFTWARE_AES_SUMMARY] MEASURE_WINDOW=START_MARKER_TO_STOP_MARKER START_CYCLE=21 STOP_CYCLE=8455
[SOFTWARE_AES_SUMMARY] TOTAL_CYCLES=8434 CYCLES_PER_BLOCK=8434.000000 RETIRED=8433 CPI=1.000119
============================================================
[EXP_G] CORE=RISSP MODE=CBC REPEAT=2 PAYLOAD_BYTES=16 BLOCKS=1
[EXP_G] START=21 STOP=8455 RAW_CYCLES=8434 CYCLES_PER_BLOCK=8434.000000
[EXP_G] RETIRED=8433 CPI=1.000119 ALU=4786 LOAD=1504 STORE=1210 BRANCH=883 JUMP=50 M=0 B=0
[EXP_G] TAKEN_BRANCH=713 BRANCH_PENALTY_CYCLES=0
[EXP_G] TOTAL_STALLS=0 CONTROL_STALLS=0 LOAD_USE_STALLS=0 MEMORY_STALLS=0 OTHER_STALLS=0
[EXP_G] COUNTER_ERRORS=0 COUNTER_CHECK=PASS
[EXP_G] FW_ERRORS=0 TB_ERRORS=0 STATUS=50415353 RESULT=PASS
[EXP_G] BLOCKS_CHECKED=1 BYTES_CHECKED=16
[EXP_G_BLOCK] BLOCK=1 OBSERVED=7649abac8119b246cee98e9b12e9197d EXPECTED=7649abac8119b246cee98e9b12e9197d
$finish called at time : 218937500 ps : File "F:/advance_topic/UTE-PAPER/Experiment_G/payload_scaling/generated/RISSP/tb_expG_scale_rissp_16b_cbc.v" Line 210
exit
INFO: [Common 17-206] Exiting xsim at Sat Oct 10 10:00:39 2026...
