#-----------------------------------------------------------
# xsim v2024.2 (64-bit)
# SW Build 5239630 on Fri Nov 08 22:35:27 MST 2024
# IP Build 5239520 on Sun Nov 10 16:12:51 MST 2024
# SharedData Build 5239561 on Fri Nov 08 14:39:27 MST 2024
# Start of session at: Tue Oct  6 21:13:12 2026
# Process ID         : 4976
# Current directory  : F:/advance_topic/UTE-PAPER/Experiment_G/payload_scaling/runs/RISSP
# Command line       : xsim.exe -log 16b_ctr_r3.log -mode tcl -source {xsim.dir/snap_scale_rissp_16b_ctr/xsim_script.tcl}
# Log file           : F:/advance_topic/UTE-PAPER/Experiment_G/payload_scaling/runs/RISSP/16b_ctr_r3.log
# Journal file       : F:/advance_topic/UTE-PAPER/Experiment_G/payload_scaling/runs/RISSP\xsim.jou
# Running On         : thanhtruong
# Platform           : Windows Server 2016 or Windows 10
# Operating System   : 26200
# Processor Detail   : AMD Ryzen 5 5600H with Radeon Graphics         
# CPU Frequency      : 3294 MHz
# CPU Physical cores : 6
# CPU Logical cores  : 12
# Host memory        : 16487 MB
# Swap memory        : 11811 MB
# Total Virtual      : 28299 MB
# Available Virtual  : 15760 MB
#-----------------------------------------------------------
source xsim.dir/snap_scale_rissp_16b_ctr/xsim_script.tcl
# xsim {snap_scale_rissp_16b_ctr} -testplusarg REPEAT=3 -autoloadwcfg -runall
Time resolution is 1 ps
run -all
[EXP_G] CORE=RISSP MODE=CTR REPEAT=3 PAYLOAD_BYTES=16 BLOCKS=1
[EXP_G] START=21 STOP=8431 RAW_CYCLES=8410 CYCLES_PER_BLOCK=8410.000000
[EXP_G] RETIRED=8409 CPI=1.000119 ALU=4801 LOAD=1490 STORE=1196 BRANCH=870 JUMP=52 M=0 B=0
[EXP_G] TAKEN_BRANCH=692 BRANCH_PENALTY_CYCLES=0
[EXP_G] TOTAL_STALLS=0 CONTROL_STALLS=0 LOAD_USE_STALLS=0 MEMORY_STALLS=0 OTHER_STALLS=0
[EXP_G] COUNTER_ERRORS=0 COUNTER_CHECK=PASS
[EXP_G] FW_ERRORS=0 TB_ERRORS=0 STATUS=50415353 RESULT=PASS
[EXP_G] BLOCKS_CHECKED=1 BYTES_CHECKED=16
[EXP_G_BLOCK] BLOCK=1 OBSERVED=874d6191b620e3261bef6864990db6ce EXPECTED=874d6191b620e3261bef6864990db6ce
$finish called at time : 218337500 ps : File "F:/advance_topic/UTE-PAPER/Experiment_G/payload_scaling/generated/RISSP/tb_expG_scale_rissp_16b_ctr.v" Line 205
exit
INFO: [Common 17-206] Exiting xsim at Tue Oct  6 21:13:14 2026...
